[20-Aug-2025 14:52:30 Europe/Berlin] Received POST data: Array
(
    [title] =>  Anniversary Specials
    [code] => NEOTURNS2
    [discount_type] => percentage
    [discount_value] => 20
    [min_spend] => 500
    [applicable_to] => all
    [usage_limit] => 
    [usage_limit_per_user] => 1
    [start_date] => 2025-08-20
    [end_date] => 2025-10-11
)

[20-Aug-2025 14:52:30 Europe/Berlin] Processed data - Title: Anniversary Specials, Code: NEOTURNS2, Type: percentage, Value: 20, Min: 500, Applicable: all, Start: 2025-08-20, End: 2025-10-11
[20-Aug-2025 14:52:30 Europe/Berlin] PHP Fatal error:  Uncaught ArgumentCountError: The number of elements in the type definition string must match the number of bind variables in D:\XAMPP\htdocs\NeoCafe\backend\pages\user-page-content\add-coupon.php:129
Stack trace:
#0 D:\XAMPP\htdocs\NeoCafe\backend\pages\user-page-content\add-coupon.php(129): mysqli_stmt->bind_param('sssddsiiiss', 'Anniversary Spe...', 'NEOTURNS2', 'percentage', 20, 500, 'all', NULL, 1, '2025-08-20', '2025-10-11')
#1 {main}
  thrown in D:\XAMPP\htdocs\NeoCafe\backend\pages\user-page-content\add-coupon.php on line 129
[20-Aug-2025 14:52:50 Europe/Berlin] Received POST data: Array
(
    [title] =>  Anniversary Specials
    [code] => NEOTURNS2
    [discount_type] => percentage
    [discount_value] => 20
    [min_spend] => 500
    [applicable_to] => all
    [usage_limit] => 
    [usage_limit_per_user] => 1
    [start_date] => 2025-08-20
    [end_date] => 2025-10-11
)

[20-Aug-2025 14:52:50 Europe/Berlin] Processed data - Title: Anniversary Specials, Code: NEOTURNS2, Type: percentage, Value: 20, Min: 500, Applicable: all, Start: 2025-08-20, End: 2025-10-11
[20-Aug-2025 14:52:50 Europe/Berlin] PHP Fatal error:  Uncaught ArgumentCountError: The number of elements in the type definition string must match the number of bind variables in D:\XAMPP\htdocs\NeoCafe\backend\pages\user-page-content\add-coupon.php:129
Stack trace:
#0 D:\XAMPP\htdocs\NeoCafe\backend\pages\user-page-content\add-coupon.php(129): mysqli_stmt->bind_param('sssddsiiiss', 'Anniversary Spe...', 'NEOTURNS2', 'percentage', 20, 500, 'all', NULL, 1, '2025-08-20', '2025-10-11')
#1 {main}
  thrown in D:\XAMPP\htdocs\NeoCafe\backend\pages\user-page-content\add-coupon.php on line 129
[20-Aug-2025 14:52:55 Europe/Berlin] Received POST data: Array
(
    [title] =>  Anniversary Specials
    [code] => NEOTURNS2
    [discount_type] => percentage
    [discount_value] => 20
    [min_spend] => 500
    [applicable_to] => all
    [usage_limit] => 
    [usage_limit_per_user] => 1
    [start_date] => 2025-08-20
    [end_date] => 2025-10-31
)

[20-Aug-2025 14:52:55 Europe/Berlin] Processed data - Title: Anniversary Specials, Code: NEOTURNS2, Type: percentage, Value: 20, Min: 500, Applicable: all, Start: 2025-08-20, End: 2025-10-31
[20-Aug-2025 14:52:55 Europe/Berlin] PHP Fatal error:  Uncaught ArgumentCountError: The number of elements in the type definition string must match the number of bind variables in D:\XAMPP\htdocs\NeoCafe\backend\pages\user-page-content\add-coupon.php:129
Stack trace:
#0 D:\XAMPP\htdocs\NeoCafe\backend\pages\user-page-content\add-coupon.php(129): mysqli_stmt->bind_param('sssddsiiiss', 'Anniversary Spe...', 'NEOTURNS2', 'percentage', 20, 500, 'all', NULL, 1, '2025-08-20', '2025-10-31')
#1 {main}
  thrown in D:\XAMPP\htdocs\NeoCafe\backend\pages\user-page-content\add-coupon.php on line 129
[20-Aug-2025 14:53:09 Europe/Berlin] Received POST data: Array
(
    [title] =>  Anniversary Specials
    [code] => NEOTURNS2
    [discount_type] => fixed_amount
    [discount_value] => 100
    [min_spend] => 500
    [applicable_to] => all
    [usage_limit] => 
    [usage_limit_per_user] => 1
    [start_date] => 2025-08-20
    [end_date] => 2025-10-31
)

[20-Aug-2025 14:53:09 Europe/Berlin] Processed data - Title: Anniversary Specials, Code: NEOTURNS2, Type: fixed_amount, Value: 100, Min: 500, Applicable: all, Start: 2025-08-20, End: 2025-10-31
[20-Aug-2025 14:53:09 Europe/Berlin] PHP Fatal error:  Uncaught ArgumentCountError: The number of elements in the type definition string must match the number of bind variables in D:\XAMPP\htdocs\NeoCafe\backend\pages\user-page-content\add-coupon.php:129
Stack trace:
#0 D:\XAMPP\htdocs\NeoCafe\backend\pages\user-page-content\add-coupon.php(129): mysqli_stmt->bind_param('sssddsiiiss', 'Anniversary Spe...', 'NEOTURNS2', 'fixed_amount', 100, 500, 'all', NULL, 1, '2025-08-20', '2025-10-31')
#1 {main}
  thrown in D:\XAMPP\htdocs\NeoCafe\backend\pages\user-page-content\add-coupon.php on line 129
