[2025-10-23 16:30:01] Raw input: {"product_id":"14","quantities":[]}
[2025-10-23 16:30:01] Processing product_id: 14 with 0 quantities
[2025-10-23 16:30:02] Deleted 0 existing quantities for product 14
[2025-10-23 16:30:02] Successfully saved 0 quantities for product 14
[2025-10-23 16:31:09] Raw input: {"product_id":"14","quantities":[]}
[2025-10-23 16:31:09] Processing product_id: 14 with 0 quantities
[2025-10-23 16:31:10] Deleted 0 existing quantities for product 14
[2025-10-23 16:31:10] Successfully saved 0 quantities for product 14
[2025-10-23 17:02:02] Raw input: {"product_id":"14","quantities":[]}
[2025-10-23 17:02:02] Processing product_id: 14
[2025-10-23 17:02:02] Quantities type: array
[2025-10-23 17:02:02] Quantities is_array: yes
[2025-10-23 17:02:02] Quantities empty: yes
[2025-10-23 17:02:02] Quantities count: 0
[2025-10-23 17:02:02] Quantities content: []
[2025-10-23 17:02:02] Deleted 0 existing quantities for product 14
[2025-10-23 17:02:03] Successfully saved 0 quantities for product 14
[2025-10-23 17:04:37] Raw input: {"product_id":"14","quantities":{"2025-10-23":0,"2025-10-24":0}}
[2025-10-23 17:04:37] Processing product_id: 14
[2025-10-23 17:04:37] Quantities type: array
[2025-10-23 17:04:37] Quantities is_array: yes
[2025-10-23 17:04:37] Quantities empty: no
[2025-10-23 17:04:37] Quantities count: 2
[2025-10-23 17:04:37] Quantities content: {"2025-10-23":0,"2025-10-24":0}
[2025-10-23 17:04:38] Deleted 0 existing quantities for product 14
[2025-10-23 17:04:38] Inserting: product_id=14, date=2025-10-23, quantity=0
[2025-10-23 17:04:38] Inserting: product_id=14, date=2025-10-24, quantity=0
[2025-10-23 17:04:39] Successfully saved 2 quantities for product 14
[2025-10-23 17:05:02] Raw input: {"product_id":"14","quantities":{"2025-10-23":0,"2025-10-24":0}}
[2025-10-23 17:05:02] Processing product_id: 14
[2025-10-23 17:05:02] Quantities type: array
[2025-10-23 17:05:02] Quantities is_array: yes
[2025-10-23 17:05:02] Quantities empty: no
[2025-10-23 17:05:02] Quantities count: 2
[2025-10-23 17:05:02] Quantities content: {"2025-10-23":0,"2025-10-24":0}
[2025-10-23 17:05:02] Deleted 2 existing quantities for product 14
[2025-10-23 17:05:02] Inserting: product_id=14, date=2025-10-23, quantity=0
[2025-10-23 17:05:03] Inserting: product_id=14, date=2025-10-24, quantity=0
[2025-10-23 17:05:03] Successfully saved 2 quantities for product 14
[2025-10-23 17:11:40] Raw input: {"product_id":"14","quantities":{"2025-10-23":31,"2025-10-24":20}}
[2025-10-23 17:11:40] Processing product_id: 14
[2025-10-23 17:11:40] Quantities type: array
[2025-10-23 17:11:40] Quantities is_array: yes
[2025-10-23 17:11:40] Quantities empty: no
[2025-10-23 17:11:40] Quantities count: 2
[2025-10-23 17:11:40] Quantities content: {"2025-10-23":31,"2025-10-24":20}
[2025-10-23 17:11:41] Deleted 2 existing quantities for product 14
[2025-10-23 17:11:41] Inserting: product_id=14, date=2025-10-23, quantity=31
[2025-10-23 17:11:41] Inserting: product_id=14, date=2025-10-24, quantity=20
[2025-10-23 17:11:41] Successfully saved 2 quantities for product 14
[2025-10-23 17:13:37] Raw input: {"product_id":"14","quantities":{"2025-10-23":20,"2025-10-24":20,"2025-10-25":13}}
[2025-10-23 17:13:37] Processing product_id: 14
[2025-10-23 17:13:37] Quantities type: array
[2025-10-23 17:13:37] Quantities is_array: yes
[2025-10-23 17:13:37] Quantities empty: no
[2025-10-23 17:13:37] Quantities count: 3
[2025-10-23 17:13:37] Quantities content: {"2025-10-23":20,"2025-10-24":20,"2025-10-25":13}
[2025-10-23 17:13:38] Deleted 2 existing quantities for product 14
[2025-10-23 17:13:38] Inserting: product_id=14, date=2025-10-23, quantity=20
[2025-10-23 17:13:38] Inserting: product_id=14, date=2025-10-24, quantity=20
[2025-10-23 17:13:39] Inserting: product_id=14, date=2025-10-25, quantity=13
[2025-10-23 17:13:39] Successfully saved 3 quantities for product 14
[2025-10-24 14:14:42] Raw input: {"product_id":"13","quantities":{"2025-10-25":4}}
[2025-10-24 14:14:42] Processing product_id: 13
[2025-10-24 14:14:42] Quantities type: array
[2025-10-24 14:14:42] Quantities is_array: yes
[2025-10-24 14:14:42] Quantities empty: no
[2025-10-24 14:14:42] Quantities count: 1
[2025-10-24 14:14:42] Quantities content: {"2025-10-25":4}
[2025-10-24 14:14:43] Deleted 0 existing quantities for product 13
[2025-10-24 14:14:43] Inserting: product_id=13, date=2025-10-25, quantity=4
[2025-10-24 14:14:44] Successfully saved 1 quantities for product 13
[2025-10-24 14:27:28] Raw input: {"product_id":"13","quantities":{"2025-10-24":6,"2025-10-25":4}}
[2025-10-24 14:27:28] Processing product_id: 13
[2025-10-24 14:27:28] Quantities type: array
[2025-10-24 14:27:28] Quantities is_array: yes
[2025-10-24 14:27:28] Quantities empty: no
[2025-10-24 14:27:28] Quantities count: 2
[2025-10-24 14:27:28] Quantities content: {"2025-10-24":6,"2025-10-25":4}
[2025-10-24 14:27:28] Deleted 1 existing quantities for product 13
[2025-10-24 14:27:29] Inserting: product_id=13, date=2025-10-24, quantity=6
[2025-10-24 14:27:29] Inserting: product_id=13, date=2025-10-25, quantity=4
[2025-10-24 14:27:29] Successfully saved 2 quantities for product 13
[2025-10-24 16:09:58] Raw input: {"product_id":"11","quantities":{"2025-10-24":2}}
[2025-10-24 16:09:58] Processing product_id: 11
[2025-10-24 16:09:58] Quantities type: array
[2025-10-24 16:09:58] Quantities is_array: yes
[2025-10-24 16:09:58] Quantities empty: no
[2025-10-24 16:09:58] Quantities count: 1
[2025-10-24 16:09:58] Quantities content: {"2025-10-24":2}
[2025-10-24 16:09:59] Deleted 0 existing quantities for product 11
[2025-10-24 16:09:59] Inserting: product_id=11, date=2025-10-24, quantity=2
[2025-10-24 16:09:59] Successfully saved 1 quantities for product 11
[2025-10-24 16:10:37] Raw input: {"product_id":"11","quantities":{"2025-10-24":2}}
[2025-10-24 16:10:37] Processing product_id: 11
[2025-10-24 16:10:37] Quantities type: array
[2025-10-24 16:10:37] Quantities is_array: yes
[2025-10-24 16:10:37] Quantities empty: no
[2025-10-24 16:10:37] Quantities count: 1
[2025-10-24 16:10:37] Quantities content: {"2025-10-24":2}
[2025-10-24 16:10:37] Deleted 1 existing quantities for product 11
[2025-10-24 16:10:38] Inserting: product_id=11, date=2025-10-24, quantity=2
[2025-10-24 16:10:38] Successfully saved 1 quantities for product 11
[2025-10-24 16:33:25] Raw input: {"product_id":"11","quantities":{"2025-10-24":4,"2025-10-25":0}}
[2025-10-24 16:33:25] Processing product_id: 11
[2025-10-24 16:33:25] Quantities type: array
[2025-10-24 16:33:25] Quantities is_array: yes
[2025-10-24 16:33:25] Quantities empty: no
[2025-10-24 16:33:25] Quantities count: 2
[2025-10-24 16:33:25] Quantities content: {"2025-10-24":4,"2025-10-25":0}
[2025-10-24 16:33:26] Deleted 1 existing quantities for product 11
[2025-10-24 16:33:26] Inserting: product_id=11, date=2025-10-24, quantity=4
[2025-10-24 16:33:26] Inserting: product_id=11, date=2025-10-25, quantity=0
[2025-10-24 16:33:27] Successfully saved 2 quantities for product 11
[2025-10-24 16:34:20] Raw input: {"product_id":"11","quantities":{"2025-10-24":4,"2025-10-25":0}}
[2025-10-24 16:34:20] Processing product_id: 11
[2025-10-24 16:34:20] Quantities type: array
[2025-10-24 16:34:20] Quantities is_array: yes
[2025-10-24 16:34:20] Quantities empty: no
[2025-10-24 16:34:20] Quantities count: 2
[2025-10-24 16:34:20] Quantities content: {"2025-10-24":4,"2025-10-25":0}
[2025-10-24 16:34:20] Deleted 2 existing quantities for product 11
[2025-10-24 16:34:21] Inserting: product_id=11, date=2025-10-24, quantity=4
[2025-10-24 16:34:21] Inserting: product_id=11, date=2025-10-25, quantity=0
[2025-10-24 16:34:21] Successfully saved 2 quantities for product 11
[2025-10-24 16:35:26] Raw input: {"product_id":"14","quantities":{"2025-10-25":13}}
[2025-10-24 16:35:26] Processing product_id: 14
[2025-10-24 16:35:26] Quantities type: array
[2025-10-24 16:35:26] Quantities is_array: yes
[2025-10-24 16:35:26] Quantities empty: no
[2025-10-24 16:35:26] Quantities count: 1
[2025-10-24 16:35:26] Quantities content: {"2025-10-25":13}
[2025-10-24 16:35:26] Deleted 2 existing quantities for product 14
[2025-10-24 16:35:27] Inserting: product_id=14, date=2025-10-25, quantity=13
[2025-10-24 16:35:27] Successfully saved 1 quantities for product 14
[2025-10-25 11:04:55] Raw input: {"product_id":"10","quantities":{"2025-10-25":6}}
[2025-10-25 11:04:55] Processing product_id: 10
[2025-10-25 11:04:55] Quantities type: array
[2025-10-25 11:04:55] Quantities is_array: yes
[2025-10-25 11:04:55] Quantities empty: no
[2025-10-25 11:04:55] Quantities count: 1
[2025-10-25 11:04:55] Quantities content: {"2025-10-25":6}
[2025-10-25 11:04:56] Deleted 0 existing quantities for product 10
[2025-10-25 11:04:56] Inserting: product_id=10, date=2025-10-25, quantity=6
[2025-10-25 11:04:57] Successfully saved 1 quantities for product 10
[2025-10-25 11:40:55] Raw input: {"product_id":"11","quantities":{"2025-10-25":10}}
[2025-10-25 11:40:55] Processing product_id: 11
[2025-10-25 11:40:55] Quantities type: array
[2025-10-25 11:40:55] Quantities is_array: yes
[2025-10-25 11:40:55] Quantities empty: no
[2025-10-25 11:40:55] Quantities count: 1
[2025-10-25 11:40:55] Quantities content: {"2025-10-25":10}
[2025-10-25 11:40:56] Deleted 1 existing quantities for product 11
[2025-10-25 11:40:56] Inserting: product_id=11, date=2025-10-25, quantity=10
[2025-10-25 11:40:56] Successfully saved 1 quantities for product 11
[2025-10-25 13:39:01] Raw input: {"product_id":"13","quantities":{"2025-10-25":4}}
[2025-10-25 13:39:01] Processing product_id: 13
[2025-10-25 13:39:01] Quantities type: array
[2025-10-25 13:39:01] Quantities is_array: yes
[2025-10-25 13:39:01] Quantities empty: no
[2025-10-25 13:39:01] Quantities count: 1
[2025-10-25 13:39:01] Quantities content: {"2025-10-25":4}
[2025-10-25 13:39:01] Deleted 1 existing quantities for product 13
[2025-10-25 13:39:02] Inserting: product_id=13, date=2025-10-25, quantity=4
[2025-10-25 13:39:02] Successfully saved 1 quantities for product 13
[2025-10-25 16:44:28] Raw input: {"product_id":"14","quantities":{"2025-10-25":14}}
[2025-10-25 16:44:28] Processing product_id: 14
[2025-10-25 16:44:28] Quantities type: array
[2025-10-25 16:44:28] Quantities is_array: yes
[2025-10-25 16:44:28] Quantities empty: no
[2025-10-25 16:44:28] Quantities count: 1
[2025-10-25 16:44:28] Quantities content: {"2025-10-25":14}
[2025-10-25 16:44:29] Deleted 1 existing quantities for product 14
[2025-10-25 16:44:29] Inserting: product_id=14, date=2025-10-25, quantity=14
[2025-10-25 16:44:29] Successfully saved 1 quantities for product 14
[2025-10-26 00:05:09] Raw input: {"product_id":"11","quantities":{"2025-10-26":20,"2025-10-27":20}}
[2025-10-26 00:05:09] Processing product_id: 11
[2025-10-26 00:05:09] Quantities type: array
[2025-10-26 00:05:09] Quantities is_array: yes
[2025-10-26 00:05:09] Quantities empty: no
[2025-10-26 00:05:09] Quantities count: 2
[2025-10-26 00:05:09] Quantities content: {"2025-10-26":20,"2025-10-27":20}
[2025-10-26 00:05:09] Deleted 0 existing quantities for product 11
[2025-10-26 00:05:09] Inserting: product_id=11, date=2025-10-26, quantity=20
[2025-10-26 00:05:09] Inserting: product_id=11, date=2025-10-27, quantity=20
[2025-10-26 00:05:10] Successfully saved 2 quantities for product 11
[2025-10-26 11:24:09] Raw input: {"product_id":"11","quantities":{"2025-10-26":20,"2025-10-27":20}}
[2025-10-26 11:24:09] Processing product_id: 11
[2025-10-26 11:24:09] Quantities type: array
[2025-10-26 11:24:09] Quantities is_array: yes
[2025-10-26 11:24:09] Quantities empty: no
[2025-10-26 11:24:09] Quantities count: 2
[2025-10-26 11:24:09] Quantities content: {"2025-10-26":20,"2025-10-27":20}
[2025-10-26 11:24:10] Deleted 2 existing quantities for product 11
[2025-10-26 11:24:10] Inserting: product_id=11, date=2025-10-26, quantity=20
[2025-10-26 11:24:10] Inserting: product_id=11, date=2025-10-27, quantity=20
[2025-10-26 11:24:11] Successfully saved 2 quantities for product 11
[2025-10-26 11:25:30] Raw input: {"product_id":"11","quantities":{"2025-10-26":20,"2025-10-27":20,"2025-10-28":0,"2025-10-29":0}}
[2025-10-26 11:25:30] Processing product_id: 11
[2025-10-26 11:25:30] Quantities type: array
[2025-10-26 11:25:30] Quantities is_array: yes
[2025-10-26 11:25:30] Quantities empty: no
[2025-10-26 11:25:30] Quantities count: 4
[2025-10-26 11:25:30] Quantities content: {"2025-10-26":20,"2025-10-27":20,"2025-10-28":0,"2025-10-29":0}
[2025-10-26 11:25:30] Deleted 2 existing quantities for product 11
[2025-10-26 11:25:30] Inserting: product_id=11, date=2025-10-26, quantity=20
[2025-10-26 11:25:31] Inserting: product_id=11, date=2025-10-27, quantity=20
[2025-10-26 11:25:31] Inserting: product_id=11, date=2025-10-28, quantity=0
[2025-10-26 11:25:31] Inserting: product_id=11, date=2025-10-29, quantity=0
[2025-10-26 11:25:31] Successfully saved 4 quantities for product 11
[2025-10-26 16:19:09] Raw input: {"product_id":"13","quantities":{"2025-10-26":2}}
[2025-10-26 16:19:09] Processing product_id: 13
[2025-10-26 16:19:09] Quantities type: array
[2025-10-26 16:19:09] Quantities is_array: yes
[2025-10-26 16:19:09] Quantities empty: no
[2025-10-26 16:19:09] Quantities count: 1
[2025-10-26 16:19:09] Quantities content: {"2025-10-26":2}
[2025-10-26 16:19:10] Deleted 0 existing quantities for product 13
[2025-10-26 16:19:10] Inserting: product_id=13, date=2025-10-26, quantity=2
[2025-10-26 16:19:10] Successfully saved 1 quantities for product 13
[2025-10-26 16:19:45] Raw input: {"product_id":"14","quantities":{"2025-10-26":10,"2025-10-27":20,"2025-10-28":20}}
[2025-10-26 16:19:45] Processing product_id: 14
[2025-10-26 16:19:45] Quantities type: array
[2025-10-26 16:19:45] Quantities is_array: yes
[2025-10-26 16:19:45] Quantities empty: no
[2025-10-26 16:19:45] Quantities count: 3
[2025-10-26 16:19:45] Quantities content: {"2025-10-26":10,"2025-10-27":20,"2025-10-28":20}
[2025-10-26 16:19:45] Deleted 3 existing quantities for product 14
[2025-10-26 16:19:45] Inserting: product_id=14, date=2025-10-26, quantity=10
[2025-10-26 16:19:46] Inserting: product_id=14, date=2025-10-27, quantity=20
[2025-10-26 16:19:46] Inserting: product_id=14, date=2025-10-28, quantity=20
[2025-10-26 16:19:46] Successfully saved 3 quantities for product 14
[2025-10-28 00:55:49] Raw input: {"product_id":"14","quantities":{"2025-10-28":16}}
[2025-10-28 00:55:49] Processing product_id: 14
[2025-10-28 00:55:49] Quantities type: array
[2025-10-28 00:55:49] Quantities is_array: yes
[2025-10-28 00:55:49] Quantities empty: no
[2025-10-28 00:55:49] Quantities count: 1
[2025-10-28 00:55:49] Quantities content: {"2025-10-28":16}
[2025-10-28 00:55:50] Deleted 1 existing quantities for product 14
[2025-10-28 00:55:50] Inserting: product_id=14, date=2025-10-28, quantity=16
[2025-10-28 00:55:50] Successfully saved 1 quantities for product 14
[2025-10-28 01:00:09] Raw input: {"product_id":"13","quantities":{"2025-10-28":3}}
[2025-10-28 01:00:09] Processing product_id: 13
[2025-10-28 01:00:09] Quantities type: array
[2025-10-28 01:00:09] Quantities is_array: yes
[2025-10-28 01:00:09] Quantities empty: no
[2025-10-28 01:00:09] Quantities count: 1
[2025-10-28 01:00:09] Quantities content: {"2025-10-28":3}
[2025-10-28 01:00:10] Deleted 0 existing quantities for product 13
[2025-10-28 01:00:10] Inserting: product_id=13, date=2025-10-28, quantity=3
[2025-10-28 01:00:10] Successfully saved 1 quantities for product 13
[2025-10-28 01:00:57] Raw input: {"product_id":"13","quantities":{"2025-10-28":3}}
[2025-10-28 01:00:57] Processing product_id: 13
[2025-10-28 01:00:57] Quantities type: array
[2025-10-28 01:00:57] Quantities is_array: yes
[2025-10-28 01:00:57] Quantities empty: no
[2025-10-28 01:00:57] Quantities count: 1
[2025-10-28 01:00:57] Quantities content: {"2025-10-28":3}
[2025-10-28 01:00:58] Deleted 1 existing quantities for product 13
[2025-10-28 01:00:58] Inserting: product_id=13, date=2025-10-28, quantity=3
[2025-10-28 01:00:58] Successfully saved 1 quantities for product 13
[2025-10-28 01:01:38] Raw input: {"product_id":"5","quantities":{"2025-10-30":5,"2025-11-01":5}}
[2025-10-28 01:01:38] Processing product_id: 5
[2025-10-28 01:01:38] Quantities type: array
[2025-10-28 01:01:38] Quantities is_array: yes
[2025-10-28 01:01:38] Quantities empty: no
[2025-10-28 01:01:38] Quantities count: 2
[2025-10-28 01:01:38] Quantities content: {"2025-10-30":5,"2025-11-01":5}
[2025-10-28 01:01:38] Deleted 2 existing quantities for product 5
[2025-10-28 01:01:38] Inserting: product_id=5, date=2025-10-30, quantity=5
[2025-10-28 01:01:38] Inserting: product_id=5, date=2025-11-01, quantity=5
[2025-10-28 01:01:39] Successfully saved 2 quantities for product 5
